// Jest Snapshot v1, https://goo.gl/fbAQLP

exports[`LinkList renders correctly 1`] = `
<ul
  className="cl_link_list cl_link_list_is_vertical"
>
  <li>
    <strong>
      Quisque
    </strong>
  </li>
  <li>
    <a
      href="/"
    >
      Vestibulum vitae
    </a>
  </li>
  <li>
    <a
      href="#"
      rel="noopener"
      target="_blank"
    >
      Pellentesque tempor venenatis
    </a>
  </li>
  <li>
    <a
      href="#"
      rel="noopener"
      target="_blank"
    >
      Fusce molestie
    </a>
  </li>
  <li>
    <a
      href="#"
      rel="noopener"
      target="_blank"
    >
      Etiam in lacinia dolor
    </a>
  </li>
</ul>
`;
