// Jest Snapshot v1, https://goo.gl/fbAQLP

exports[`MediaQueryDebugger renders correctly 1`] = `null`;
