// Jest Snapshot v1, https://goo.gl/fbAQLP

exports[`Image renders correctly 1`] = `
<div
  className="image"
>
  <img
    alt="Image from https://placehold.it"
    src="https://via.placeholder.com/300"
  />
</div>
`;

exports[`Image will render with a proper fixed image 1`] = `
<div
  className="image"
>
  <div
    className=" gatsby-image-wrapper"
    style={
      Object {
        "display": "inline-block",
        "height": 286,
        "overflow": "hidden",
        "position": "relative",
        "width": 1000,
      }
    }
  >
    <img
      alt=""
      aria-hidden={true}
      src="data:image/jpeg;base64,/9j/2wBDABALDA4MChAODQ4SERATGCgaGBYWGDEjJR0oOjM9PDkzODdASFxOQERXRTc4UG1RV19iZ2hnPk1xeXBkeFxlZ2P/2wBDARESEhgVGC8aGi9jQjhCY2NjY2NjY2NjY2NjY2NjY2NjY2NjY2NjY2NjY2NjY2NjY2NjY2NjY2NjY2NjY2NjY2P/wgARCAAGABQDASIAAhEBAxEB/8QAFgABAQEAAAAAAAAAAAAAAAAAAAME/8QAFQEBAQAAAAAAAAAAAAAAAAAAAQL/2gAMAwEAAhADEAAAAbxEyBn/xAAYEAEBAQEBAAAAAAAAAAAAAAACAQMSIv/aAAgBAQABBQLRyx6+WO1//8QAFREBAQAAAAAAAAAAAAAAAAAAARD/2gAIAQMBAT8BJ//EABURAQEAAAAAAAAAAAAAAAAAAAEQ/9oACAECAQE/AWf/xAAZEAEAAgMAAAAAAAAAAAAAAAABABECUWH/2gAIAQEABj8COUzNF3Luf//EABsQAQACAgMAAAAAAAAAAAAAAAEAESExQbHB/9oACAEBAAE/IcGNuDVhkDyRLmodX7P/2gAMAwEAAgADAAAAEIgf/8QAFBEBAAAAAAAAAAAAAAAAAAAAEP/aAAgBAwEBPxAf/8QAFREBAQAAAAAAAAAAAAAAAAAAEEH/2gAIAQIBAT8Qg//EABoQAQEAAwEBAAAAAAAAAAAAAAERACExQbH/2gAIAQEAAT8QB9pFBts9yQRrxRtOuPYIedo+ln//2Q=="
      style={
        Object {
          "height": "100%",
          "left": 0,
          "objectFit": "cover",
          "objectPosition": "center",
          "opacity": 1,
          "position": "absolute",
          "top": 0,
          "transitionDelay": "500ms",
          "width": "100%",
        }
      }
    />
    <picture>
      <source
        srcSet="/static/2eb58d5c70b74dbe16389cd05d535312/e30b5/thisisengineering-raeng-b-ilt-cmx-iw-re-unsplash.webp 1x"
        type="image/webp"
      />
      <source
        srcSet="/static/2eb58d5c70b74dbe16389cd05d535312/a7715/thisisengineering-raeng-b-ilt-cmx-iw-re-unsplash.jpg 1x"
      />
      <img
        alt="alt ..."
        height={286}
        loading="lazy"
        onLoad={[Function]}
        src="/static/2eb58d5c70b74dbe16389cd05d535312/a7715/thisisengineering-raeng-b-ilt-cmx-iw-re-unsplash.jpg"
        srcSet="/static/2eb58d5c70b74dbe16389cd05d535312/a7715/thisisengineering-raeng-b-ilt-cmx-iw-re-unsplash.jpg 1x"
        style={
          Object {
            "height": "100%",
            "left": 0,
            "objectFit": "cover",
            "objectPosition": "center",
            "opacity": 0,
            "position": "absolute",
            "top": 0,
            "transition": "opacity 500ms",
            "width": "100%",
          }
        }
        width={1000}
      />
    </picture>
    <noscript
      dangerouslySetInnerHTML={
        Object {
          "__html": "<picture><source type='image/webp' srcset=\\"/static/2eb58d5c70b74dbe16389cd05d535312/e30b5/thisisengineering-raeng-b-ilt-cmx-iw-re-unsplash.webp 1x\\" /><source srcset=\\"/static/2eb58d5c70b74dbe16389cd05d535312/a7715/thisisengineering-raeng-b-ilt-cmx-iw-re-unsplash.jpg 1x\\" /><img loading=\\"lazy\\" width=\\"1000\\" height=\\"286\\" srcset=\\"/static/2eb58d5c70b74dbe16389cd05d535312/a7715/thisisengineering-raeng-b-ilt-cmx-iw-re-unsplash.jpg 1x\\" src=\\"/static/2eb58d5c70b74dbe16389cd05d535312/a7715/thisisengineering-raeng-b-ilt-cmx-iw-re-unsplash.jpg\\" alt=\\"alt ...\\" style=\\"position:absolute;top:0;left:0;opacity:1;width:100%;height:100%;object-fit:cover;object-position:center\\"/></picture>",
        }
      }
    />
  </div>
</div>
`;

exports[`Image will render with a proper fluid image 1`] = `
<div
  className="image"
>
  <div
    className=" gatsby-image-wrapper"
    style={
      Object {
        "overflow": "hidden",
        "position": "relative",
      }
    }
  >
    <div
      aria-hidden={true}
      style={
        Object {
          "paddingBottom": "28.571428571428573%",
          "width": "100%",
        }
      }
    />
    <img
      alt=""
      aria-hidden={true}
      src="data:image/jpeg;base64,/9j/2wBDABALDA4MChAODQ4SERATGCgaGBYWGDEjJR0oOjM9PDkzODdASFxOQERXRTc4UG1RV19iZ2hnPk1xeXBkeFxlZ2P/2wBDARESEhgVGC8aGi9jQjhCY2NjY2NjY2NjY2NjY2NjY2NjY2NjY2NjY2NjY2NjY2NjY2NjY2NjY2NjY2NjY2NjY2P/wgARCAAGABQDASIAAhEBAxEB/8QAFQABAQAAAAAAAAAAAAAAAAAAAAT/xAAVAQEBAAAAAAAAAAAAAAAAAAABAv/aAAwDAQACEAMQAAABomEmDP8A/8QAGBABAAMBAAAAAAAAAAAAAAAAAgEDEhH/2gAIAQEAAQUCbjTs5W69r//EABURAQEAAAAAAAAAAAAAAAAAAAEQ/9oACAEDAQE/ASf/xAAVEQEBAAAAAAAAAAAAAAAAAAABEP/aAAgBAgEBPwFn/8QAGhAAAgIDAAAAAAAAAAAAAAAAAAECMREhUv/aAAgBAQAGPwKL5ZLDd6Lo/8QAHBABAAIBBQAAAAAAAAAAAAAAAQAhQRExYbHB/9oACAEBAAE/Iate+KigVZiOuI2419n/2gAMAwEAAgADAAAAEHv/AP/EABQRAQAAAAAAAAAAAAAAAAAAABD/2gAIAQMBAT8QH//EABYRAQEBAAAAAAAAAAAAAAAAAAABQf/aAAgBAgEBPxDCP//EABoQAQACAwEAAAAAAAAAAAAAAAEAESExgbH/2gAIAQEAAT8QeAVBsG1Xe4UtiQ2Mj0lCyg8PSn//2Q=="
      style={
        Object {
          "height": "100%",
          "left": 0,
          "objectFit": "cover",
          "objectPosition": "center",
          "opacity": 1,
          "position": "absolute",
          "top": 0,
          "transitionDelay": "500ms",
          "width": "100%",
        }
      }
    />
    <picture>
      <source
        sizes="(max-width: 1400px) 100vw, 1400px"
        srcSet="/static/2eb58d5c70b74dbe16389cd05d535312/b6bb8/thisisengineering-raeng-b-ilt-cmx-iw-re-unsplash.webp 360w,↵/static/2eb58d5c70b74dbe16389cd05d535312/2aa8d/thisisengineering-raeng-b-ilt-cmx-iw-re-unsplash.webp 720w,↵/static/2eb58d5c70b74dbe16389cd05d535312/9592d/thisisengineering-raeng-b-ilt-cmx-iw-re-unsplash.webp 1400w"
        type="image/webp"
      />
      <source
        sizes="(max-width: 1400px) 100vw, 1400px"
        srcSet="/static/2eb58d5c70b74dbe16389cd05d535312/e2788/thisisengineering-raeng-b-ilt-cmx-iw-re-unsplash.jpg 360w,↵/static/2eb58d5c70b74dbe16389cd05d535312/7d509/thisisengineering-raeng-b-ilt-cmx-iw-re-unsplash.jpg 720w,↵/static/2eb58d5c70b74dbe16389cd05d535312/f2e3f/thisisengineering-raeng-b-ilt-cmx-iw-re-unsplash.jpg 1400w"
      />
      <img
        alt="alt ..."
        loading="lazy"
        onLoad={[Function]}
        sizes="(max-width: 1400px) 100vw, 1400px"
        src="/static/2eb58d5c70b74dbe16389cd05d535312/f2e3f/,thisisengineering-raeng-b-ilt-cmx-iw-re-unsplash.jpg"
        srcSet="/static/2eb58d5c70b74dbe16389cd05d535312/e2788/thisisengineering-raeng-b-ilt-cmx-iw-re-unsplash.jpg 360w,↵/static/2eb58d5c70b74dbe16389cd05d535312/7d509/thisisengineering-raeng-b-ilt-cmx-iw-re-unsplash.jpg 720w,↵/static/2eb58d5c70b74dbe16389cd05d535312/f2e3f/thisisengineering-raeng-b-ilt-cmx-iw-re-unsplash.jpg 1400w"
        style={
          Object {
            "height": "100%",
            "left": 0,
            "objectFit": "cover",
            "objectPosition": "center",
            "opacity": 0,
            "position": "absolute",
            "top": 0,
            "transition": "opacity 500ms",
            "width": "100%",
          }
        }
      />
    </picture>
    <noscript
      dangerouslySetInnerHTML={
        Object {
          "__html": "<picture><source type='image/webp' srcset=\\"/static/2eb58d5c70b74dbe16389cd05d535312/b6bb8/thisisengineering-raeng-b-ilt-cmx-iw-re-unsplash.webp 360w,↵/static/2eb58d5c70b74dbe16389cd05d535312/2aa8d/thisisengineering-raeng-b-ilt-cmx-iw-re-unsplash.webp 720w,↵/static/2eb58d5c70b74dbe16389cd05d535312/9592d/thisisengineering-raeng-b-ilt-cmx-iw-re-unsplash.webp 1400w\\" sizes=\\"(max-width: 1400px) 100vw, 1400px\\" /><source srcset=\\"/static/2eb58d5c70b74dbe16389cd05d535312/e2788/thisisengineering-raeng-b-ilt-cmx-iw-re-unsplash.jpg 360w,↵/static/2eb58d5c70b74dbe16389cd05d535312/7d509/thisisengineering-raeng-b-ilt-cmx-iw-re-unsplash.jpg 720w,↵/static/2eb58d5c70b74dbe16389cd05d535312/f2e3f/thisisengineering-raeng-b-ilt-cmx-iw-re-unsplash.jpg 1400w\\" sizes=\\"(max-width: 1400px) 100vw, 1400px\\" /><img loading=\\"lazy\\" sizes=\\"(max-width: 1400px) 100vw, 1400px\\" srcset=\\"/static/2eb58d5c70b74dbe16389cd05d535312/e2788/thisisengineering-raeng-b-ilt-cmx-iw-re-unsplash.jpg 360w,↵/static/2eb58d5c70b74dbe16389cd05d535312/7d509/thisisengineering-raeng-b-ilt-cmx-iw-re-unsplash.jpg 720w,↵/static/2eb58d5c70b74dbe16389cd05d535312/f2e3f/thisisengineering-raeng-b-ilt-cmx-iw-re-unsplash.jpg 1400w\\" src=\\"/static/2eb58d5c70b74dbe16389cd05d535312/f2e3f/,thisisengineering-raeng-b-ilt-cmx-iw-re-unsplash.jpg\\" alt=\\"alt ...\\" style=\\"position:absolute;top:0;left:0;opacity:1;width:100%;height:100%;object-fit:cover;object-position:center\\"/></picture>",
        }
      }
    />
  </div>
</div>
`;
